// Jest Snapshot v1, https://goo.gl/fbAQLP

exports[`<Home /> renders 1`] = `
<div>
  <Styled(Link)
    to="/"
  >
    Home
  </Styled(Link)>
  <Styled(Link)
    to="/info"
  >
    Info
  </Styled(Link)>
</div>
`;
